// Jest Snapshot v1, https://goo.gl/fbAQLP

exports[`Home should test Home component 1`] = `
<div>
  <header>
    <div
      id="logo"
    >
      <span
        className="icon"
      >
        D8Picker Calendar
      </span>
    </div>
  </header>
  <main>
    <Calendar
      data={Object {}}
      events={Array []}
    />
  </main>
</div>
`;
