// Jest Snapshot v1, https://goo.gl/fbAQLP

exports[`initializeAnalytics should render correctly 1`] = `<initializeAnalytics />`;

exports[`initializeAnalytics should render correctly 2`] = `
<div
  className="App"
>
  <Route
    exact={true}
    path="/"
  >
    <Splash />
  </Route>
  <Route
    path="/authenticate/google"
  >
    <Authenticate />
  </Route>
  <Route
    path="/home"
  >
    <Home />
  </Route>
  <Route
    path="/events"
  >
    <Events />
  </Route>
</div>
`;
